main.c:63:6:display7SEG	24	static
main.c:74:6:clearAll	8	static
main.c:81:6:en_Pin	16	static
main.c:85:6:update7SEG	16	static
main.c:114:6:updateClockBuffer	4	static
main.c:125:7:setCol	16	static
main.c:135:7:setMatrix	8	static
main.c:146:7:updateLEDMatrix	24	static
main.c:199:5:main	8	static
main.c:277:6:SystemClock_Config	72	static
main.c:313:13:MX_TIM2_Init	32	static
main.c:358:13:MX_GPIO_Init	32	static
main.c:408:6:HAL_TIM_PeriodElapsedCallback	16	static
main.c:417:6:Error_Handler	4	static,ignoring_inline_asm
