main.c:63:6:display7SEG	24	static
main.c:74:6:clearAll	8	static
main.c:81:6:en_Pin	16	static
main.c:85:6:update7SEG	16	static
main.c:114:6:updateClockBuffer	4	static
main.c:124:7:setCol	16	static
main.c:134:7:setMatrix	8	static
main.c:145:7:updateLEDMatrix	16	static
main.c:209:5:main	8	static
main.c:283:6:SystemClock_Config	72	static
main.c:319:13:MX_TIM2_Init	32	static
main.c:364:13:MX_GPIO_Init	32	static
main.c:414:6:HAL_TIM_PeriodElapsedCallback	16	static
main.c:423:6:Error_Handler	4	static,ignoring_inline_asm
